TAP version 13
# Subtest: four fresh owners share real seam geometry, births and one atomic inventory admission; inactive siblings freeze
ok 1 - four fresh owners share real seam geometry, births and one atomic inventory admission; inactive siblings freeze
  ---
  duration_ms: 2995.4104
  type: 'test'
  ...
# Subtest: full-group delayed, failed and superseded commits publish no partial source/population and can restore after retry
ok 2 - full-group delayed, failed and superseded commits publish no partial source/population and can restore after retry
  ---
  duration_ms: 18974.1601
  type: 'test'
  ...
# Subtest: legacy mixed groups and complete old v3 death records use the old path without replacement
ok 3 - legacy mixed groups and complete old v3 death records use the old path without replacement
  ---
  duration_ms: 10732.4188
  type: 'test'
  ...
# Subtest: all nine owners unload and full group restoration preserves complete deaths, clocks, stocks and 25/9/20 bounds
ok 4 - all nine owners unload and full group restoration preserves complete deaths, clocks, stocks and 25/9/20 bounds
  ---
  duration_ms: 9718.0637
  type: 'test'
  ...
1..4
# tests 4
# suites 0
# pass 4
# fail 0
# cancelled 0
# skipped 0
# todo 0
# duration_ms 42546.7923
